CONST[123]
AND
PROCEDURE
OBJECT
ID[OBJECT]
LPAREN
SEMICOLON
ASSIGN
ID[token]
EQUAL
RPAREN
CONST[3]
ID[while]
