RETURN
ID[int]
ID[X]
COMMA
ID[Y]
COMMA
ID[XY]
SEMICOLON
BEGIN
ID[X]
ASSIGN
CONST[0]
SEMICOLON
NEW
LSQUARE
CONST[10]
RSQUARE
ID[X]
SEMICOLON
END
